// Jest Snapshot v1, https://goo.gl/fbAQLP

exports[`AccommodationImages should take snapshot 1`] = `ShallowWrapper {}`;
