// Jest Snapshot v1, https://goo.gl/fbAQLP

exports[`Header Panel Component should render 1`] = `ShallowWrapper {}`;
